LTspice 26.0.2 for Windows
Circuit: D:\MIST\EECE6605\new_simu\14_sweep_u0_pmos.cir
Start Time: Fri Jul 17 17:00:17 2026
solver = Normal
Maximum thread count: 4
tnom = 27
temp = 27
method = trap
Compress1stOrder = true
Compress2ndOrder = true
.step p_u0_p=0.006
.step p_u0_p=0.007
.step p_u0_p=0.008
.step p_u0_p=0.009
.step p_u0_p=0.01
.step p_u0_p=0.011
.step p_u0_p=0.012
.step p_u0_p=0.013
.step p_u0_p=0.014
.step p_u0_p=0.015
.step p_u0_p=0.016
.step p_u0_p=0.017
.step p_u0_p=0.018
Total elapsed time: 0.635 seconds.

Files loaded:
D:\MIST\EECE6605\new_simu\14_sweep_u0_pmos.cir
D:\MIST\EECE6605\new_simu\ptm22lp_param.lib


Measurement: vt
  step	V(g)   	at
     1	-0.516837172581	-0.516837188638
     2	-0.509201524506	-0.509201533282
     3	-0.502679651744	-0.502679654299
     4	-0.497045991805	-0.497045988988
     5	-0.492075211938	-0.492075204381
     6	-0.487630902578	-0.487630890782
     7	-0.48362909732	-0.483629089878
     8	-0.480017016835	-0.480017027479
     9	-0.476604602783	-0.476604610274
    10	-0.473503060512	-0.473503065045
    11	-0.470641939516	-0.470641941321
    12	-0.467917992104	-0.467917991311
    13	-0.465435099241	-0.46543509608

Measurement: v_1na
  step	V(g)   	at
     1	-0.141322127039	-0.141322127703
     2	-0.135425563244	-0.135425558285
     3	-0.130306103497	-0.130306107645
     4	-0.125772606761	-0.125772607498
     5	-0.121719560646	-0.121719562406
     6	-0.118089252173	-0.118089253033
     7	-0.114852997679	-0.114852995672
     8	-0.111755278201	-0.111755277855
     9	-0.108980048486	-0.108980049629
    10	-0.106366547251	-0.106366549796
    11	-0.103955230717	-0.103955232999
    12	-0.101662274117	-0.101662274213
    13	-0.0995748945468	-0.0995748932847

Measurement: v_10na
  step	V(g)   	at
     1	-0.229727771796	-0.229727768175
     2	-0.223664151103	-0.223664155789
     3	-0.21846512631	-0.218465126039
     4	-0.21391431616	-0.213914314784
     5	-0.209891713425	-0.209891719878
     6	-0.206169932935	-0.206169935839
     7	-0.202810842618	-0.202810842318
     8	-0.199816437018	-0.19981643441
     9	-0.196923372154	-0.196923375409
    10	-0.194340695205	-0.194340701729
    11	-0.191852777427	-0.191852781578
    12	-0.189614233117	-0.189614235133
    13	-0.187400066605	-0.187400066509

Measurement: ss
  step	(V_1nA-V_10nA)*1000
     1	88.405644757
     2	88.2385878586
     3	88.1590228136
     4	88.1417093995
     5	88.1721527788
     6	88.080680762
     7	87.9578449387
     8	88.061158817
     9	87.9433236679
    10	87.974147954
    11	87.89754671
    12	87.9519589992
    13	87.8251720579

Measurement: ioff
  step	Id(M1) 	at
     1	-2.51081499342e-11	0
     2	-2.91763627147e-11	0
     3	-3.32399281711e-11	0
     4	-3.72968669837e-11	0
     5	-4.13456699433e-11	0
     6	-4.53851504989e-11	0
     7	-4.94143718999e-11	0
     8	-5.34325604595e-11	0
     9	-5.74390986163e-11	0
    10	-6.14334624838e-11	0
    11	-6.54152287893e-11	0
    12	-6.93840332411e-11	0
    13	-7.33395844055e-11	0

Measurement: ion
  step	Id(M1) 	at
     1	-0.000374445400666	-0.95
     2	-0.000424768833909	-0.95
     3	-0.000472125742817	-0.95
     4	-0.000516728847288	-0.95
     5	-0.000558778701816	-0.95
     6	-0.000598462531343	-0.95
     7	-0.000635953445453	-0.95
     8	-0.000671411224175	-0.95
     9	-0.000704982783645	-0.95
    10	-0.000736802874599	-0.95
    11	-0.000766995188314	-0.95
    12	-0.000795673171524	-0.95
    13	-0.00082294078311	-0.95

Measurement: ion_ioff
  step	ION/IOFF
     1	14913301.1253
     2	14558663.0542
     3	14203572.8955
     4	13854484.011
     5	13514805.845
     6	13186307.0798
     7	12869807.3253
     8	12565582.0796
     9	12273569.757
    10	11993510.4552
    11	11725024.9294
    12	11467669.6404
    13	11220963.2735