LTspice 26.0.2 for Windows
Circuit: D:\MIST\EECE6605\new_simu\03_sweep_vth0.cir
Start Time: Fri Jul 17 16:34:18 2026
solver = Normal
Maximum thread count: 4
tnom = 27
temp = 27
method = trap
Compress1stOrder = true
Compress2ndOrder = true
.step p_vth0_n=0.55
.step p_vth0_n=0.58
.step p_vth0_n=0.61
.step p_vth0_n=0.64
.step p_vth0_n=0.67
.step p_vth0_n=0.7
.step p_vth0_n=0.73
.step p_vth0_n=0.76
.step p_vth0_n=0.79
.step p_vth0_n=0.82
Total elapsed time: 0.643 seconds.

Files loaded:
D:\MIST\EECE6605\new_simu\03_sweep_vth0.cir
D:\MIST\EECE6605\new_simu\ptm22lp_param.lib


Measurement: vt
  step	V(g)   	at
     1	0.338490594017	0.338490589001
     2	0.370036877722	0.370036872988
     3	0.401564119862	0.401564115394
     4	0.433203199871	0.433203195773
     5	0.464945573025	0.464945569397
     6	0.496615911449	0.496615908222
     7	0.528364432728	0.528364459779
     8	0.560175184934	0.560175182717
     9	0.591902245537	0.5919022509
    10	0.623697828235	0.623697826993

Measurement: v_1na
  step	V(g)   	at
     1	0.00108331829591	0.00108331832012
     2	0.0323240205876	0.0323240208773
     3	0.0636774691928	0.0636774713011
     4	0.0951165253691	0.0951165264987
     5	0.126475576613	0.126475578021
     6	0.157913033999	0.157913035585
     7	0.189425557067	0.189425558903
     8	0.220886159398	0.220886161436
     9	0.252337946737	0.252337948966
    10	0.283850367109	0.283850369589

Measurement: v_10na
  step	V(g)   	at
     1	0.0887703887396	0.0887703858229
     2	0.120100318597	0.120100321225
     3	0.151388001949	0.151387997312
     4	0.182772701501	0.182772696993
     5	0.214247423697	0.214247421646
     6	0.245709189853	0.245709185761
     7	0.277151111237	0.277151107328
     8	0.308662202184	0.308662198524
     9	0.340211450039	0.340211446664
    10	0.37165638834	0.371656385151

Measurement: ss
  step	(V_10nA-V_1nA)*1000
     1	87.6870704436
     2	87.7762980093
     3	87.7105327557
     4	87.6561761323
     5	87.7718470836
     6	87.7961558539
     7	87.7255541704
     8	87.776042786
     9	87.8735033025
    10	87.8060212313

Measurement: ioff
  step	Id(M1) 	at
     1	9.70396873967e-10	0
     2	4.25704277385e-10	0
     3	1.86538604008e-10	0
     4	8.18820844461e-11	0
     5	3.61964590245e-11	0
     6	1.62879484206e-11	0
     7	7.62310527203e-12	0
     8	3.85515534426e-12	0
     9	2.21761563106e-12	0
    10	1.50621778505e-12	0

Measurement: ion
  step	Id(M1) 	at
     1	0.000767828256357	0.95
     2	0.000710238760803	0.95
     3	0.000652957416605	0.95
     4	0.000596128229517	0.95
     5	0.000539906031918	0.95
     6	0.000484463118482	0.95
     7	0.000429998297477	0.95
     8	0.00037674914347	0.95
     9	0.000325008557411	0.95
    10	0.000275146594504	0.95

Measurement: ion_ioff
  step	ION/IOFF
     1	791251.782602
     2	1668385.30533
     3	3500387.60115
     4	7280325.52603
     5	14915990.3059
     6	29743655.0002
     7	56407235.9141
     8	97726060.2561
     9	146557659.884
    10	182673845.201
