LTspice 26.0.2 for Windows
Circuit: D:\MIST\EECE6605\new_simu\07_sweep_nfactor.cir
Start Time: Fri Jul 17 16:35:00 2026
solver = Normal
Maximum thread count: 4
tnom = 27
temp = 27
method = trap
Compress1stOrder = true
Compress2ndOrder = true
.step p_nfac_n=1.2
.step p_nfac_n=1.3
.step p_nfac_n=1.4
.step p_nfac_n=1.5
.step p_nfac_n=1.6
.step p_nfac_n=1.7
.step p_nfac_n=1.8
.step p_nfac_n=1.9
.step p_nfac_n=2
.step p_nfac_n=2.1
.step p_nfac_n=2.2
.step p_nfac_n=2.3
.step p_nfac_n=2.4
Total elapsed time: 1.228 seconds.

Files loaded:
D:\MIST\EECE6605\new_simu\07_sweep_nfactor.cir
D:\MIST\EECE6605\new_simu\ptm22lp_param.lib


Measurement: vt
  step	V(g)   	at
     1	0.485653500791	0.485653487109
     2	0.485325834509	0.485325820514
     3	0.485046142075	0.485046127814
     4	0.484789851282	0.484789838029
     5	0.48457266895	0.484572656784
     6	0.484395533602	0.484395522324
     7	0.48425496491	0.484254954335
     8	0.484147902729	0.48414789269
     9	0.484071626466	0.484071616809
    10	0.484023737361	0.484023727944
    11	0.484002092251	0.484002082942
    12	0.484004781568	0.484004772246
    13	0.484030101644	0.484030092195

Measurement: v_1na
  step	V(g)   	at
     1	0.17020173916	0.170201737564
     2	0.164116204928	0.164116200162
     3	0.158035033315	0.158035035017
     4	0.151985992062	0.151985987995
     5	0.145966263248	0.145966265462
     6	0.139969712951	0.139969712326
     7	0.13387088305	0.133870879974
     8	0.127802782395	0.127802785068
     9	0.12176295505	0.121762956787
    10	0.11574916838	0.115749167008
    11	0.109729339626	0.109729340367
    12	0.103643649157	0.103643651142
    13	0.0975852660695	0.0975852658748

Measurement: v_10na
  step	V(g)   	at
     1	0.251131445813	0.251131446892
     2	0.246755032684	0.24675502959
     3	0.242393018684	0.242393019199
     4	0.23804482525	0.23804482875
     5	0.233709893806	0.233709893171
     6	0.229387686129	0.229387683197
     7	0.225068576749	0.225068582571
     8	0.220689550199	0.220689552049
     9	0.216323188748	0.216323186433
    10	0.211969032004	0.211969034571
    11	0.207626670635	0.207626674928
    12	0.203295692478	0.203295692641
    13	0.19897569653	0.198975695625

Measurement: ss
  step	(V_10nA-V_1nA)*1000
     1	80.9297066537
     2	82.6388277564
     3	84.3579853696
     4	86.0588331879
     5	87.743630558
     6	89.4179731782
     7	91.1976936994
     8	92.8867678044
     9	94.5602336978
    10	96.2198636247
    11	97.8973310092
    12	99.6520433209
    13	101.39043046

Measurement: ioff
  step	Id(M1) 	at
     1	8.518468049e-12	0
     2	1.08817442904e-11	0
     3	1.38395328184e-11	0
     4	1.75047910195e-11	0
     5	2.20045613675e-11	0
     6	2.74806132711e-11	0
     7	3.40899808382e-11	0
     8	4.20054165062e-11	0
     9	5.14157189047e-11	0
    10	6.25259774512e-11	0
    11	7.55576712308e-11	0
    12	9.07487002211e-11	0
    13	1.08353277739e-10	0

Measurement: ion
  step	Id(M1) 	at
     1	0.00050643843133	0.95
     2	0.000506250944454	0.95
     3	0.000506029056851	0.95
     4	0.000505768402945	0.95
     5	0.000505464558955	0.95
     6	0.000505112984683	0.95
     7	0.000504708732478	0.95
     8	0.000504246854689	0.95
     9	0.000503722170833	0.95
    10	0.00050312950043	0.95
    11	0.000502463488374	0.95
    12	0.00050171877956	0.95
    13	0.000500889960676	0.95

Measurement: ion_ioff
  step	ION/IOFF
     1	59451820.2589
     2	46522959.0905
     3	36564027.3767
     4	28893141.4481
     5	22970899.102
     6	18380702.7777
     7	14805192.6129
     8	12004329.3611
     9	9797046.14784
    10	8046727.47136
    11	6650065.83963
    12	5528660.77793
    13	4622748.5788
