LTspice 26.0.2 for Windows
Circuit: D:\MIST\EECE6605\new_simu\13_sweep_vth0_pmos.cir
Start Time: Fri Jul 17 16:59:55 2026
solver = Normal
Maximum thread count: 4
tnom = 27
temp = 27
method = trap
Compress1stOrder = true
Compress2ndOrder = true
.step p_vth0_p=-0.8
.step p_vth0_p=-0.77
.step p_vth0_p=-0.74
.step p_vth0_p=-0.71
.step p_vth0_p=-0.68
.step p_vth0_p=-0.65
.step p_vth0_p=-0.62
.step p_vth0_p=-0.59
.step p_vth0_p=-0.56
.step p_vth0_p=-0.55
Total elapsed time: 0.365 seconds.

Files loaded:
D:\MIST\EECE6605\new_simu\13_sweep_vth0_pmos.cir
D:\MIST\EECE6605\new_simu\ptm22lp_param.lib


Measurement: vt
  step	V(g)   	at
     1	-0.660463421873	-0.660463396089
     2	-0.628632311679	-0.628632315143
     3	-0.596782683557	-0.596782656647
     4	-0.564954653324	-0.564954655665
     5	-0.532980612683	-0.532980608604
     6	-0.501034885399	-0.501034886385
     7	-0.469029478014	-0.46902947828
     8	-0.436952295605	-0.436952295083
     9	-0.40489648155	-0.404896480259
    10	-0.394153068246	-0.394153061758

Measurement: v_1na
  step	V(g)   	at
     1	-0.289088386684	-0.289088394159
     2	-0.257581519445	-0.257581526675
     3	-0.226098334032	-0.226098337767
     4	-0.194588268177	-0.194588274937
     5	-0.162951492562	-0.162951490157
     6	-0.131341662871	-0.13134166492
     7	-0.0997250201654	-0.0997250188228
     8	-0.0679512412057	-0.0679512420067
     9	-0.0362081727773	-0.0362081728804
    10	-0.0256339694846	-0.0256339692443

Measurement: v_10na
  step	V(g)   	at
     1	-0.377216298855	-0.377216300968
     2	-0.345762745855	-0.345762747775
     3	-0.314240273909	-0.314240275569
     4	-0.282638992357	-0.282638993681
     5	-0.251063660822	-0.251063661837
     6	-0.219447444796	-0.219447445461
     7	-0.187714395555	-0.187714395759
     8	-0.156010837868	-0.15601083764
     9	-0.124245375905	-0.124245376309
    10	-0.113617918023	-0.113617916678

Measurement: ss
  step	(V_1nA-V_10nA)*1000
     1	88.1279121712
     2	88.1812264103
     3	88.1419398771
     4	88.0507241793
     5	88.1121682602
     6	88.1057819253
     7	87.9893753893
     8	88.0595966619
     9	88.0372031272
    10	87.9839485383

Measurement: ioff
  step	Id(M1) 	at
     1	-1.44699053087e-12	0
     2	-2.07803262445e-12	0
     3	-3.52894688298e-12	0
     4	-6.86785784493e-12	0
     5	-1.45582261524e-11	0
     6	-3.22861633262e-11	0
     7	-7.31852148328e-11	0
     8	-1.67605429535e-10	0
     9	-3.85693976757e-10	0
    10	-5.09500441837e-10	0

Measurement: ion
  step	Id(M1) 	at
     1	-0.000268857576884	-0.95
     2	-0.000321289582644	-0.95
     3	-0.000377631717129	-0.95
     4	-0.000437781680375	-0.95
     5	-0.000501653354149	-0.95
     6	-0.000569162948523	-0.95
     7	-0.000640220299829	-0.95
     8	-0.000714724301361	-0.95
     9	-0.000792561215349	-0.95
    10	-0.000819226028398	-0.95

Measurement: ion_ioff
  step	ION/IOFF
     1	185804655.351
     2	154612386.189
     3	107009748.135
     4	63743555.8889
     5	34458411.9589
     6	17628695.6977
     7	8747945.89715
     8	4264326.659
     9	2054896.53225
    10	1607900.52594
