LTspice 26.0.2 for Windows
Circuit: D:\MIST\EECE6605\new_simu\15_sweep_toxe_pmos.cir
Start Time: Fri Jul 17 17:00:25 2026
solver = Normal
Maximum thread count: 4
tnom = 27
temp = 27
method = trap
Compress1stOrder = true
Compress2ndOrder = true
Warning: toxe, toxp and dtox all given and toxe != toxp + dtox; dtox ignored.
.step p_toxe_p=1e-09
.step p_toxe_p=1.1e-09
.step p_toxe_p=1.2e-09
.step p_toxe_p=1.3e-09
.step p_toxe_p=1.4e-09
.step p_toxe_p=1.5e-09
.step p_toxe_p=1.6e-09
.step p_toxe_p=1.7e-09
.step p_toxe_p=1.8e-09
.step p_toxe_p=1.9e-09
.step p_toxe_p=2e-09
Total elapsed time: 0.549 seconds.

Files loaded:
D:\MIST\EECE6605\new_simu\15_sweep_toxe_pmos.cir
D:\MIST\EECE6605\new_simu\ptm22lp_param.lib


Measurement: vt
  step	V(g)   	at
     1	-0.423740047985	-0.423740042373
     2	-0.439909202058	-0.439909204356
     3	-0.455901777664	-0.455901765411
     4	-0.471805454892	-0.471805457806
     5	-0.487630902578	-0.487630890782
     6	-0.503384112538	-0.503384115765
     7	-0.519072897944	-0.519072916134
     8	-0.534705518377	-0.534705495381
     9	-0.550264558375	-0.550264546706
    10	-0.56576102199	-0.5657610251
    11	-0.581226517798	-0.581226535657

Measurement: v_1na
  step	V(g)   	at
     1	-0.0858682004968	-0.085868199137
     2	-0.0939707194498	-0.0939707196603
     3	-0.102027593421	-0.102027593865
     4	-0.110149329653	-0.110149330169
     5	-0.118089252173	-0.118089253033
     6	-0.126073291172	-0.126073292195
     7	-0.134000697079	-0.13400069374
     8	-0.141859285972	-0.141859287149
     9	-0.149765573917	-0.149765568431
    10	-0.157520364212	-0.157520365423
    11	-0.165361397818	-0.165361391606

Measurement: v_10na
  step	V(g)   	at
     1	-0.165963371502	-0.165963365864
     2	-0.176060660509	-0.17606066134
     3	-0.186135813042	-0.186135811741
     4	-0.196174250518	-0.196174255291
     5	-0.206169932935	-0.206169935839
     6	-0.216121840049	-0.216121837543
     7	-0.226031799076	-0.226031802945
     8	-0.235903158384	-0.235903159841
     9	-0.24573986569	-0.245739861627
    10	-0.255545974185	-0.255545979474
    11	-0.2653254047	-0.265325417376

Measurement: ss
  step	(V_1nA-V_10nA)*1000
     1	80.0951710049
     2	82.0899410595
     3	84.1082196208
     4	86.0249208654
     5	88.080680762
     6	90.0485488773
     7	92.031101997
     8	94.0438724118
     9	95.974291773
    10	98.0256099728
    11	99.9640068819

Measurement: ioff
  step	Id(M1) 	at
     1	-8.39689637266e-11	0
     2	-7.10725436837e-11	0
     3	-6.06870595443e-11	0
     4	-5.22665452585e-11	0
     5	-4.53851504989e-11	0
     6	-3.97148459952e-11	0
     7	-3.50037984709e-11	0
     8	-3.10583225804e-11	0
     9	-2.77287619949e-11	0
    10	-2.48987219731e-11	0
    11	-2.24770254492e-11	0

Measurement: ion
  step	Id(M1) 	at
     1	-0.000630397058558	-0.95
     2	-0.000630470109172	-0.95
     3	-0.000624467385933	-0.95
     4	-0.000613504380453	-0.95
     5	-0.000598462531343	-0.95
     6	-0.00058005109895	-0.95
     7	-0.000558848085348	-0.95
     8	-0.000535330036655	-0.95
     9	-0.000509896548465	-0.95
    10	-0.000482890347484	-0.95
    11	-0.000454614695627	-0.95

Measurement: ion_ioff
  step	ION/IOFF
     1	7507500.7548
     2	8870797.02646
     3	10289959.5173
     4	11737993.7285
     5	13186307.0798
     6	14605397.1611
     7	15965355.4689
     8	17236282.9727
     9	18388723.9019
    10	19394182.0792
    11	20225749.9176
