LTspice 26.0.2 for Windows
Circuit: D:\MIST\EECE6605\new_simu\04_sweep_u0.cir
Start Time: Fri Jul 17 16:34:29 2026
solver = Normal
Maximum thread count: 4
tnom = 27
temp = 27
method = trap
Compress1stOrder = true
Compress2ndOrder = true
.step p_u0_n=0.02
.step p_u0_n=0.0225
.step p_u0_n=0.025
.step p_u0_n=0.0275
.step p_u0_n=0.03
.step p_u0_n=0.0325
.step p_u0_n=0.035
.step p_u0_n=0.0375
.step p_u0_n=0.04
.step p_u0_n=0.0425
.step p_u0_n=0.045
.step p_u0_n=0.0475
.step p_u0_n=0.05
Total elapsed time: 0.896 seconds.

Files loaded:
D:\MIST\EECE6605\new_simu\04_sweep_u0.cir
D:\MIST\EECE6605\new_simu\ptm22lp_param.lib


Measurement: vt
  step	V(g)   	at
     1	0.508495372137	0.508495380238
     2	0.503317827815	0.503317830979
     3	0.498756924983	0.498756923798
     4	0.494703243837	0.494703238786
     5	0.490988208937	0.490988200342
     6	0.487608308678	0.48760829686
     7	0.48457266895	0.484572656784
     8	0.48169644893	0.481696451165
     9	0.479084778	0.479084787856
    10	0.476615982855	0.476615990357
    11	0.474353273647	0.474353278991
    12	0.472170218444	0.472170221706
    13	0.470200143976	0.470200145359

Measurement: v_1na
  step	V(g)   	at
     1	0.165802938382	0.165802932591
     2	0.161540292023	0.161540292478
     3	0.157766750432	0.157766751878
     4	0.15443387569	0.154433873958
     5	0.151333611439	0.151333606751
     6	0.148529754729	0.148529751748
     7	0.145966263248	0.145966265462
     8	0.143568390556	0.143568393363
     9	0.141351547834	0.141351548526
    10	0.13931053592	0.139310534666
    11	0.137327326535	0.13732732339
    12	0.135552751773	0.135552746936
    13	0.133808530687	0.133808527737

Measurement: v_10na
  step	V(g)   	at
     1	0.253776201695	0.253776205296
     2	0.249514999633	0.24951499917
     3	0.24569218102	0.245692176912
     4	0.242230082306	0.242230083151
     5	0.239165068655	0.239165073223
     6	0.23631181946	0.236311821307
     7	0.233709893806	0.233709893171
     8	0.231298014424	0.23129801149
     9	0.229075303383	0.229075301084
    10	0.226955600656	0.226955602653
    11	0.225071347008	0.225071352824
    12	0.223161563024	0.223161567232
    13	0.221433666255	0.221433668815

Measurement: ss
  step	(V_10nA-V_1nA)*1000
     1	87.9732633131
     2	87.9747076096
     3	87.9254305885
     4	87.7962066158
     5	87.8314572159
     6	87.7820647314
     7	87.743630558
     8	87.7296238683
     9	87.7237555491
    10	87.6450647362
    11	87.7440204729
    12	87.608811251
    13	87.6251355682

Measurement: ioff
  step	Id(M1) 	at
     1	1.34415846509e-11	0
     2	1.49146060086e-11	0
     3	1.63688021471e-11	0
     4	1.78045321542e-11	0
     5	1.92221568523e-11	0
     6	2.0622044003e-11	0
     7	2.20045613675e-11	0
     8	2.33700697683e-11	0
     9	2.47189282931e-11	0
    10	2.60514925604e-11	0
    11	2.73681095148e-11	0
    12	2.8669119162e-11	0
    13	2.9954854569e-11	0

Measurement: ion
  step	Id(M1) 	at
     1	0.000384215614758	0.95
     2	0.000409946311265	0.95
     3	0.000433030159911	0.95
     4	0.000453840009868	0.95
     5	0.000472684565466	0.95
     6	0.000489820900839	0.95
     7	0.000505464558955	0.95
     8	0.000519797205925	0.95
     9	0.000532972859219	0.95
    10	0.000545122951735	0.95
    11	0.000556360115297	0.95
    12	0.000566781382076	0.95
    13	0.000576470745727	0.95

Measurement: ion_ioff
  step	ION/IOFF
     1	28584101.1114
     2	27486231.3513
     3	26454602.8488
     4	25490139.5857
     5	24590610.1535
     6	23752296.3663
     7	22970899.102
     8	22242004.884
     9	21561325.5113
    10	20924826.1101
    11	20328774.0791
    12	19769752.2157
    13	19244651.7942
