LTspice 26.0.2 for Windows
Circuit: D:\MIST\EECE6605\new_simu\05_sweep_toxe.cir
Start Time: Fri Jul 17 16:34:38 2026
solver = Normal
Maximum thread count: 4
tnom = 27
temp = 27
method = trap
Compress1stOrder = true
Compress2ndOrder = true
Warning: toxe, toxp and dtox all given and toxe != toxp + dtox; dtox ignored.
.step p_toxe_n=1e-09
.step p_toxe_n=1.1e-09
.step p_toxe_n=1.2e-09
.step p_toxe_n=1.3e-09
.step p_toxe_n=1.4e-09
.step p_toxe_n=1.5e-09
.step p_toxe_n=1.6e-09
.step p_toxe_n=1.7e-09
.step p_toxe_n=1.8e-09
.step p_toxe_n=1.9e-09
.step p_toxe_n=2e-09
Total elapsed time: 0.593 seconds.

Files loaded:
D:\MIST\EECE6605\new_simu\05_sweep_toxe.cir
D:\MIST\EECE6605\new_simu\ptm22lp_param.lib


Measurement: vt
  step	V(g)   	at
     1	0.427793166785	0.427793157528
     2	0.441567803718	0.441567807597
     3	0.455680363247	0.455680350783
     4	0.470047804017	0.470047805255
     5	0.48457266895	0.484572656784
     6	0.499267090373	0.499267089674
     7	0.514102574874	0.514102588323
     8	0.529053985171	0.529054012879
     9	0.544102131229	0.544102113683
    10	0.559231896252	0.559231893135
    11	0.574431439797	0.574431451175

Measurement: v_1na
  step	V(g)   	at
     1	0.117120941823	0.11712094176
     2	0.123976116489	0.123976117038
     3	0.131086279018	0.131086281585
     4	0.138419237822	0.138419235718
     5	0.145966263248	0.145966265462
     6	0.153633165144	0.153633162649
     7	0.161428906532	0.161428907212
     8	0.169359719834	0.169359717435
     9	0.177300165009	0.177300163327
    10	0.185404668966	0.185404666968
    11	0.193477799205	0.193477804906

Measurement: v_10na
  step	V(g)   	at
     1	0.197082940543	0.197082943474
     2	0.205886108111	0.205886110745
     3	0.214999982934	0.214999979357
     4	0.224252113911	0.224252119158
     5	0.233709893806	0.233709893171
     6	0.243328156296	0.243328154916
     7	0.253074252972	0.253074255903
     8	0.262923952874	0.262923965199
     9	0.272858898386	0.272858890384
    10	0.282864778082	0.282864779622
    11	0.29293038539	0.292930396529

Measurement: ss
  step	(V_10nA-V_1nA)*1000
     1	79.9619987195
     2	81.9099916223
     3	83.9137039158
     4	85.8328760888
     5	87.743630558
     6	89.6949911519
     7	91.6453464397
     8	93.5642330398
     9	95.5587333776
    10	97.4601091155
    11	99.4525861848

Measurement: ioff
  step	Id(M1) 	at
     1	3.42047536128e-11	0
     2	3.06884795354e-11	0
     3	2.74688917445e-11	0
     4	2.45753469658e-11	0
     5	2.20045613675e-11	0
     6	1.9736432974e-11	0
     7	1.77433293752e-11	0
     8	1.59953630202e-11	0
     9	1.44632673893e-11	0
    10	1.31198307426e-11	0
    11	1.19405188861e-11	0

Measurement: ion
  step	Id(M1) 	at
     1	0.000562877801713	0.95
     2	0.000555443461053	0.95
     3	0.000542558555026	0.95
     4	0.000525564420968	0.95
     5	0.000505464558955	0.95
     6	0.000483017065562	0.95
     7	0.000458799710032	0.95
     8	0.000433258799603	0.95
     9	0.000406746432418	0.95
    10	0.000379550037906	0.95
    11	0.000351915688952	0.95

Measurement: ion_ioff
  step	ION/IOFF
     1	16456127.943
     2	18099412.8566
     3	19751745.3588
     4	21385839.3007
     5	22970899.102
     6	24473371.9714
     7	25857588.5241
     8	27086524.9545
     9	28122720.9226
    10	28929491.9539
    11	29472394.9862
