LTspice 26.0.2 for Windows
Circuit: D:\MIST\EECE6605\new_simu\11_optimized_inverter.cir
Start Time: Thu Aug 20 19:16:51 2026
solver = Normal
Maximum thread count: 4
tnom = 27
temp = 27
method = trap
Compress1stOrder = true
Compress2ndOrder = true
Warning: toxe, toxp and dtox all given and toxe != toxp + dtox; dtox ignored.
Warning: toxe, toxp and dtox all given and toxe != toxp + dtox; dtox ignored.
Direct Newton iteration succeeded in finding operating point.
Total elapsed time: 0.432 seconds.

Files loaded:
D:\MIST\EECE6605\new_simu\11_optimized_inverter.cir
D:\MIST\EECE6605\new_simu\ptm22lp_optimized.lib

tphl=9.7917722713e-12 FROM 1.01e-09 TO 1.01979177227e-09
tplh=9.80357948234e-12 FROM 2.02999999975e-09 TO 2.03980357923e-09
tp: (tpHL+tpLH)/2=9.79767587682e-12
q_cycle: INTEG(I(VDDs) )=-9.58654635125e-15 FROM 5e-10 TO 2.5e-09
e_cycle: -Q_cycle*{VDD}=9.10721903369e-15
