LTspice 26.0.2 for Windows
Circuit: D:\MIST\EECE6605\new_simu\17_sweep_nfactor_pmos.cir
Start Time: Fri Jul 17 17:02:28 2026
solver = Normal
Maximum thread count: 4
tnom = 27
temp = 27
method = trap
Compress1stOrder = true
Compress2ndOrder = true
.step p_nfac_p=1.2
.step p_nfac_p=1.3
.step p_nfac_p=1.4
.step p_nfac_p=1.5
.step p_nfac_p=1.6
.step p_nfac_p=1.7
.step p_nfac_p=1.8
.step p_nfac_p=1.9
.step p_nfac_p=2
.step p_nfac_p=2.1
.step p_nfac_p=2.2
.step p_nfac_p=2.3
.step p_nfac_p=2.4
Total elapsed time: 0.712 seconds.

Files loaded:
D:\MIST\EECE6605\new_simu\17_sweep_nfactor_pmos.cir
D:\MIST\EECE6605\new_simu\ptm22lp_param.lib


Measurement: vt
  step	V(g)   	at
     1	-0.483830407191	-0.483830398742
     2	-0.48439133592	-0.484391324663
     3	-0.485000604239	-0.485000589934
     4	-0.485596483833	-0.485596470097
     5	-0.486234101367	-0.486234088239
     6	-0.486912519605	-0.486912507124
     7	-0.487630902578	-0.487630890782
     8	-0.488388523099	-0.488388512026
     9	-0.489184739372	-0.489184729058
    10	-0.490017292939	-0.490017283419
    11	-0.490811903414	-0.490811894652
    12	-0.491640889782	-0.49164088181
    13	-0.492503969085	-0.492503961936

Measurement: v_1na
  step	V(g)   	at
     1	-0.14797663521	-0.14797663335
     2	-0.142994047185	-0.142994049444
     3	-0.138012069065	-0.138012066573
     4	-0.133030641779	-0.133030640406
     5	-0.128049718822	-0.128049721731
     6	-0.123069271437	-0.123069272472
     7	-0.118089252173	-0.118089253033
     8	-0.113109635945	-0.113109634873
     9	-0.108130386612	-0.108130388211
    10	-0.103151485844	-0.103151487359
    11	-0.0981729052798	-0.0981729047698
    12	-0.0931946221251	-0.0931946215955
    13	-0.0882166190149	-0.0882166163953

Measurement: v_10na
  step	V(g)   	at
     1	-0.226881784529	-0.226881786676
     2	-0.223431603051	-0.223431607515
     3	-0.220044103856	-0.22004410509
     4	-0.216517246819	-0.21651724469
     5	-0.213056516739	-0.213056517101
     6	-0.209661316928	-0.209661323162
     7	-0.206169932935	-0.206169935839
     8	-0.202699683079	-0.202699682673
     9	-0.199291646521	-0.199291644977
    10	-0.195836089534	-0.195836094992
    11	-0.192357231958	-0.19235723659
    12	-0.188937591246	-0.188937592617
    13	-0.185512974638	-0.185512972743

Measurement: ss
  step	(V_1nA-V_10nA)*1000
     1	78.9051493188
     2	80.4375558654
     3	82.0320347909
     4	83.48660504
     5	85.0067979162
     6	86.592045492
     7	88.080680762
     8	89.5900471344
     9	91.1612599091
    10	92.68460369
    11	94.1843266782
    12	95.7429691206
    13	97.296355623

Measurement: ioff
  step	Id(M1) 	at
     1	-1.37049338891e-11	0
     2	-1.69721944832e-11	0
     3	-2.09037752386e-11	0
     4	-2.55986204456e-11	0
     5	-3.11645084738e-11	0
     6	-3.7718137641e-11	0
     7	-4.53851504989e-11	0
     8	-5.43000991393e-11	0
     9	-6.46063272325e-11	0
    10	-7.64558277799e-11	0
    11	-9.00090349476e-11	0
    12	-1.05434556918e-10	0
    13	-1.22908849765e-10	0

Measurement: ion
  step	Id(M1) 	at
     1	-0.00059991562739	-0.95
     2	-0.000599755032454	-0.95
     3	-0.000599566614255	-0.95
     4	-0.000599346880335	-0.95
     5	-0.000599092221819	-0.95
     6	-0.000598798797	-0.95
     7	-0.000598462531343	-0.95
     8	-0.000598079175688	-0.95
     9	-0.000597644306254	-0.95
    10	-0.000597153324634	-0.95
    11	-0.000596601516008	-0.95
    12	-0.000595983990934	-0.95
    13	-0.000595295685343	-0.95

Measurement: ion_ioff
  step	ION/IOFF
     1	43773697.2862
     2	35337506.4756
     3	28682216.8442
     4	23413249.226
     5	19223541.495
     6	15875619.3824
     7	13186307.0798
     8	11014329.3506
     9	9250553.80571
    10	7810435.67212
    11	6628240.3356
    12	5652643.76645
    13	4843391.55792
