LTspice 26.0.2 for Windows
Circuit: D:\MIST\EECE6605\new_simu\19_tunneling_vs_toxe.cir
Start Time: Sat Jul 18 00:46:38 2026
solver = Normal
Maximum thread count: 4
tnom = 27
temp = 27
method = trap
Compress1stOrder = true
Compress2ndOrder = true
Warning: toxe, toxp and dtox all given and toxe != toxp + dtox; dtox ignored.
Warning: toxe, toxp and dtox all given and toxe != toxp + dtox; dtox ignored.
.step tox=8e-10
.step tox=9e-10
.step tox=1e-09
.step tox=1.1e-09
.step tox=1.2e-09
.step tox=1.3e-09
.step tox=1.4e-09
.step tox=1.5e-09
.step tox=1.6e-09
.step tox=1.7e-09
.step tox=1.8e-09
.step tox=1.9e-09
.step tox=2e-09
Total elapsed time: 1.050 seconds.

Files loaded:
D:\MIST\EECE6605\new_simu\19_tunneling_vs_toxe.cir
D:\MIST\EECE6605\new_simu\ptm22lp_param.lib


Measurement: ig_n
  step	Ig(MN) 	at
     1	2.18048580791e-06	0.95
     2	5.82819779993e-07	0.95
     3	1.61949515132e-07	0.95
     4	4.64529428257e-08	0.95
     5	1.36819737762e-08	0.95
     6	4.12134637529e-09	0.95
     7	1.26565879999e-09	0.95
     8	3.95265487008e-10	0.95
     9	1.25276206075e-10	0.95
    10	4.02278071965e-11	0.95
    11	1.30694916695e-11	0.95
    12	4.29107617494e-12	0.95
    13	1.42245893883e-12	0.95

Measurement: id_n
  step	Id(MN) 	at
     1	0.000553247518837	0.95
     2	0.0005630304222	0.95
     3	0.000562877801713	0.95
     4	0.000555443461053	0.95
     5	0.000542558555026	0.95
     6	0.000525564420968	0.95
     7	0.000505464558955	0.95
     8	0.000483017065562	0.95
     9	0.000458799710032	0.95
    10	0.000433258799603	0.95
    11	0.000406746432418	0.95
    12	0.000379550037906	0.95
    13	0.000351915688952	0.95

Measurement: ig_p
  step	Ig(MP) 	at
     1	-2.76650848718e-06	0
     2	-7.14719647021e-07	0
     3	-1.91942902461e-07	0
     4	-5.32059587499e-08	0
     5	-1.51426977624e-08	0
     6	-4.4070116445e-09	0
     7	-1.30739641335e-09	0
     8	-3.94359406242e-10	0
     9	-1.20698645523e-10	0
    10	-3.74192933583e-11	0
    11	-1.17340737821e-11	0
    12	-3.71735281446e-12	0
    13	-1.18850057833e-12	0

Measurement: id_p
  step	Id(MP) 	at
     1	-0.000605393142905	0
     2	-0.000622772087809	0
     3	-0.000630397058558	0
     4	-0.000630470109172	0
     5	-0.000624467385933	0
     6	-0.000613504380453	0
     7	-0.000598462531343	0
     8	-0.00058005109895	0
     9	-0.000558848085348	0
    10	-0.000535330036655	0
    11	-0.000509896548465	0
    12	-0.000482890347484	0
    13	-0.000454614695627	0

Measurement: igid_n
  step	IG_N/ID_N
     1	0.0039412482364
     2	0.00103514793697
     3	0.000287717004719
     4	8.36321715582e-05
     5	2.52175062939e-05
     6	7.84175300088e-06
     7	2.5039516175e-06
     8	8.18326132116e-07
     9	2.7305206027e-07
    10	9.28493713995e-08
    11	3.21317917695e-08
    12	1.13056929163e-08
    13	4.0420446814e-09

Measurement: igid_p
  step	IG_P/ID_P
     1	0.00456977175841
     2	0.00114764238959
     3	0.00030447937511
     4	8.43909298409e-05
     5	2.42489809772e-05
     6	7.18334177377e-06
     7	2.18459192494e-06
     8	6.79870113091e-07
     9	2.15977559353e-07
    10	6.98994840494e-08
    11	2.30126558366e-08
    12	7.69813029774e-09
    13	2.61430303456e-09
